// Jest Snapshot v1, https://goo.gl/fbAQLP

exports[`searchBox should render the searchBox component 1`] = `ShallowWrapper {}`;
