// Jest Snapshot v1, https://goo.gl/fbAQLP

exports[`MovieList component should render the MovieList Component 1`] = `ShallowWrapper {}`;
