// Jest Snapshot v1, https://goo.gl/fbAQLP

exports[`should render the MovieCard component 1`] = `ShallowWrapper {}`;
